// Jest Snapshot v1, https://goo.gl/fbAQLP

exports[`ElevatorsMonitorView should match snapshot 1`] = `"<div style=\\"text-align: left;\\" class=\\"ant-card ant-card-bordered\\"><div class=\\"ant-card-head\\"><div class=\\"ant-card-head-wrapper\\"><div class=\\"ant-card-head-title\\">Elevators</div></div></div><div class=\\"ant-card-body\\"><div class=\\"elevators-container\\"></div></div></div>"`;
